apiVersion: prow.k8s.io/v1
kind: ProwJob
metadata:
  annotations:
    prow.k8s.io/context: ""
    prow.k8s.io/job: periodic-ipi-deprovision
  creationTimestamp: null
  labels:
    created-by-prow: "true"
    prow.k8s.io/context: ""
    prow.k8s.io/job: periodic-ipi-deprovision
    prow.k8s.io/refs.base_ref: master
    prow.k8s.io/refs.org: openshift
    prow.k8s.io/refs.repo: ci-tools
    prow.k8s.io/type: periodic
  name: test-prowjob
spec:
  agent: kubernetes
  cluster: default
  decoration_config:
    gcs_configuration:
      bucket: origin-ci-test
      default_org: openshift
      default_repo: origin
      path_strategy: single
    gcs_credentials_secret: gce-sa-credentials-gcs-publisher
    grace_period: 15s
    timeout: 8h0m0s
    utility_images:
      clonerefs: gcr.io/k8s-prow/clonerefs:v20190129-0a3c54c
      entrypoint: gcr.io/k8s-prow/entrypoint:v20190129-0a3c54c
      initupload: gcr.io/k8s-prow/initupload:v20190129-0a3c54c
      sidecar: gcr.io/k8s-prow/sidecar:v20190129-0a3c54c
  extra_refs:
  - base_ref: master
    org: openshift
    repo: ci-tools
  job: periodic-ipi-deprovision
  namespace: default
  pod_spec:
    containers:
    - args:
      - --input-hash=CLUSTER_TYPEawsOCP_VERSION4.5OO_BUNDLEgit@example.com/org/bundle.gitOO_CHANNELchannel1OO_INDEXgit@example.com/org/index.gitOO_INSTALL_NAMESPACEnamespace2OO_PACKAGEpackage1OO_TARGET_NAMESPACESnamespace1
      command:
      - ./cmd/ipi-deprovision/ipi-deprovision.sh
      env:
      - name: HOME
        value: /tmp
      - name: AWS_SHARED_CREDENTIALS_FILE
        value: /aws/.awscred
      - name: GOOGLE_APPLICATION_CREDENTIALS
        value: /gcp/gce.json
      - name: CLUSTER_TTL
        value: 30 minutes ago
      - name: CLUSTER_TYPE
        value: aws
      - name: OCP_VERSION
        value: "4.5"
      - name: OO_BUNDLE
        value: git@example.com/org/bundle.git
      - name: OO_CHANNEL
        value: channel1
      - name: OO_INDEX
        value: git@example.com/org/index.git
      - name: OO_INSTALL_NAMESPACE
        value: namespace2
      - name: OO_PACKAGE
        value: package1
      - name: OO_TARGET_NAMESPACES
        value: namespace1
      image: registry.svc.ci.openshift.org/ci/ipi-deprovision:latest
      imagePullPolicy: Always
      name: ipi-deprovision
      resources:
        requests:
          cpu: 500m
      volumeMounts:
      - mountPath: /aws
        name: cluster-secrets-aws
      - mountPath: /gcp
        name: cluster-secrets-gcp
    serviceAccountName: ipi-deprovisioner
    volumes:
    - name: cluster-secrets-aws
      secret:
        items:
        - key: .awscred
          path: .awscred
        secretName: cluster-secrets-aws
    - name: cluster-secrets-gcp
      secret:
        items:
        - key: gce.json
          path: gce.json
        secretName: cluster-secrets-gcp
  report: true
  type: periodic
status:
  startTime: 2020-06-22T22:25:00Z
  state: triggered

